[credal.devv.website/index.html]
[backblue.gif]
[fade.gif]
[index.html]
[credal.devv.website/comments/feed/index.html]
[credal.devv.website/feed/index.html]
[credal.devv.website/wp-includes/js/jquery/jqueryb8ff.js]
[credal.devv.website/wp-includes/js/jquery/jquery-migrate.min330a.js]
[credal.devv.website/xmlrpc0db0.php]
[credal.devv.website/wp-includes/wlwmanifest.xml]
[credal.devv.website/wp-json/index.html]
[credal.devv.website/wp-json/oembed/1.0/embed97bb.json]
[credal.devv.website/wp-json/oembed/1.0/embeda585]
[credal.devv.website/wp-content/uploads/2018/10/favicon.png]
[credal.devv.website/wp-content/uploads/2018/10/banner-mina916.png]
[credal.devv.website/wp-content/uploads/2018/10/logo.png]
[credal.devv.website/wp-content/uploads/2018/10/news-section1.jpg]
[credal.devv.website/what-we-do/index.html]
[credal.devv.website/our-people/index.html]
[credal.devv.website/wp-content/uploads/2018/10/news-section6.jpg]
[credal.devv.website/news-events/index.html]
[credal.devv.website/contact/index.html]
[credal.devv.website/wp-content/uploads/2018/10/news-section3.jpg]
[credal.devv.website/category/news/index.html]
[credal.devv.website/wp-content/uploads/2018/10/news-section4.jpg]
[credal.devv.website/terms-of-use/index.html]
[credal.devv.website/privacy/index.html]
[credal.devv.website/cookie-policy/index.html]
[credal.devv.website/our-statement/index.html]
[credal.devv.website/wp-content/plugins/contact-form-7/includes/js/scripts5560.js]
[credal.devv.website/company-info/index.html]
[credal.devv.website/accessibility/index.html]
[credal.devv.website/wp-content/themes/credal/assets/js/bootstrap.min7433.js]
[credal.devv.website/wp-content/themes/credal/assets/js/jquery.mobile.customized.min47a7.js]
[credal.devv.website/wp-content/themes/credal/assets/js/jquery.easing.1.34e44.js]
[credal.devv.website/wp-content/themes/credal/assets/js/camera.minc412.js]
[credal.devv.website/wp-content/plugins/js_composer/assets/lib/bower/isotope/dist/isotope.pkgd.min24b2.js]
[credal.devv.website/wp-content/themes/credal/assets/js/navigation4a7d.js]
[credal.devv.website/wp-content/themes/credal/assets/js/skip-link-focus-fix4a7d.js]
[credal.devv.website/wp-content/themes/credal/assets/js/script8a54.js]
[credal.devv.website/wp-content/plugins/page-links-to/js/new-tab.minc439.js]
[credal.devv.website/wp-includes/js/wp-embed.min5010.js]
[credal.devv.website/wp-content/plugins/js_composer/assets/js/dist/js_composer_front.min24b2.js]
[credal.devv.website/wp-content/plugins/js_composer/assets/lib/prettyphoto/js/jquery.prettyPhoto.min24b2.js]
[credal.devv.website/wp-content/plugins/js_composer/assets/lib/bower/twbs-pagination/jquery.twbsPagination.min24b2.js]
[credal.devv.website/wp-content/plugins/js_composer/assets/lib/owl-carousel2-dist/owl.carousel.min24b2.js]
[credal.devv.website/wp-content/plugins/js_composer/assets/lib/bower/imagesloaded/imagesloaded.pkgd.min5010.js]
[credal.devv.website/wp-includes/js/underscore.min4511.js]
[credal.devv.website/wp-content/plugins/js_composer/assets/lib/waypoints/waypoints.min24b2.js]
[credal.devv.website/wp-content/plugins/js_composer/assets/js/dist/vc_grid.min24b2.js]
[credal.devv.website/wp-content/themes/credal-child/js/html5lightbox.js]
[credal.devv.website/index.html]
[credal.devv.website/wp-content/plugins/contact-form-7/images/ajax-loader.gif]
[credal.devv.website/wp-content/plugins/contact-form-7/includes/css/styles5560.css]
[credal.devv.website/wp-content/themes/credal/style5010.css]
[credal.devv.website/wp-content/plugins/js_composer/assets/lib/bower/font-awesome/fonts/fontawesome-webfont3e6e.eot]
[credal.devv.website/wp-content/plugins/js_composer/assets/lib/bower/font-awesome/fonts/fontawesome-webfontd41d.eot]
[credal.devv.website/wp-content/plugins/js_composer/assets/lib/bower/font-awesome/fonts/fontawesome-webfont3e6e.woff2]
[credal.devv.website/wp-content/plugins/js_composer/assets/lib/bower/font-awesome/fonts/fontawesome-webfont3e6e.woff]
[credal.devv.website/wp-content/plugins/js_composer/assets/lib/bower/font-awesome/fonts/fontawesome-webfont3e6e.ttf]
[credal.devv.website/wp-content/plugins/js_composer/assets/lib/bower/font-awesome/css/font-awesome.min24b2.css]
[credal.devv.website/wp-content/themes/credal/assets/fonts/glyphicons-halflings-regular.eot]
[credal.devv.website/wp-content/themes/credal/assets/fonts/glyphicons-halflings-regular.woff2]
[credal.devv.website/wp-content/themes/credal/assets/fonts/glyphicons-halflings-regulard41d.eot]
[credal.devv.website/wp-content/themes/credal/assets/fonts/glyphicons-halflings-regular.woff]
[credal.devv.website/wp-content/themes/credal/assets/fonts/glyphicons-halflings-regular.ttf]
[credal.devv.website/wp-content/themes/credal/assets/css/bootstrap.min7433.css]
[credal.devv.website/wp-content/themes/credal/assets/images/blank.gif]
[credal.devv.website/wp-content/themes/credal/assets/images/camera-loader.gif]
[credal.devv.website/wp-content/themes/credal/assets/images/camera_skins.png]
[credal.devv.website/wp-content/themes/credal/assets/css/camerac412.css]
[credal.devv.website/wp-content/themes/credal-child/images/arrow_icon.png]
[credal.devv.website/wp-content/themes/credal-child/images/advisor_after.png]
[credal.devv.website/wp-content/themes/credal-child/style5010.css]
[credal.devv.website/wp-content/themes/credal/assets/css/mobile8a54.css]
[credal.devv.website/wp-content/plugins/js_composer/assets/vc/alert.png]
[credal.devv.website/wp-content/plugins/js_composer/assets/vc/info.png]
[credal.devv.website/wp-content/plugins/js_composer/assets/vc/tick.png]
[credal.devv.website/wp-content/plugins/js_composer/assets/vc/exclamation.png]
[credal.devv.website/wp-content/plugins/js_composer/assets/images/icons/address-book.png]
[credal.devv.website/wp-content/plugins/js_composer/assets/images/icons/alarm-clock.png]
[credal.devv.website/wp-content/plugins/js_composer/assets/images/icons/anchor.png]
[credal.devv.website/wp-content/plugins/js_composer/assets/images/icons/application-image.png]
[credal.devv.website/wp-content/plugins/js_composer/assets/images/icons/arrow.png]
[credal.devv.website/wp-content/plugins/js_composer/assets/images/icons/asterisk.png]
[credal.devv.website/wp-content/plugins/js_composer/assets/images/icons/auction-hammer.png]
[credal.devv.website/wp-content/plugins/js_composer/assets/images/icons/balloon.png]
[credal.devv.website/wp-content/plugins/js_composer/assets/images/icons/balloon-buzz.png]
[credal.devv.website/wp-content/plugins/js_composer/assets/images/icons/balloon-facebook.png]
[credal.devv.website/wp-content/plugins/js_composer/assets/images/icons/balloon-twitter.png]
[credal.devv.website/wp-content/plugins/js_composer/assets/images/icons/battery-full.png]
[credal.devv.website/wp-content/plugins/js_composer/assets/images/icons/binocular.png]
[credal.devv.website/wp-content/plugins/js_composer/assets/images/icons/blue-document-excel.png]
[credal.devv.website/wp-content/plugins/js_composer/assets/images/icons/blue-document-image.png]
[credal.devv.website/wp-content/plugins/js_composer/assets/images/icons/blue-document-music.png]
[credal.devv.website/wp-content/plugins/js_composer/assets/images/icons/blue-document-office.png]
[credal.devv.website/wp-content/plugins/js_composer/assets/images/icons/blue-document-pdf.png]
[credal.devv.website/wp-content/plugins/js_composer/assets/images/icons/blue-document-powerpoint.png]
[credal.devv.website/wp-content/plugins/js_composer/assets/images/icons/blue-document-word.png]
[credal.devv.website/wp-content/plugins/js_composer/assets/images/icons/bookmark.png]
[credal.devv.website/wp-content/plugins/js_composer/assets/images/icons/camcorder.png]
[credal.devv.website/wp-content/plugins/js_composer/assets/images/icons/camera.png]
[credal.devv.website/wp-content/plugins/js_composer/assets/images/icons/chart.png]
[credal.devv.website/wp-content/plugins/js_composer/assets/images/icons/chart-pie.png]
[credal.devv.website/wp-content/plugins/js_composer/assets/images/icons/clock.png]
[credal.devv.website/wp-content/plugins/js_composer/assets/images/icons/control.png]
[credal.devv.website/wp-content/plugins/js_composer/assets/images/icons/fire.png]
[credal.devv.website/wp-content/plugins/js_composer/assets/images/icons/heart.png]
[credal.devv.website/wp-content/plugins/js_composer/assets/images/icons/mail.png]
[credal.devv.website/wp-content/plugins/js_composer/assets/images/icons/plus-shield.png]
[credal.devv.website/wp-content/plugins/js_composer/assets/images/icons/video.png]
[credal.devv.website/wp-content/plugins/js_composer/assets/fonts/vc_icons_v2/fonts/vcpb-plugin-iconsb82a.eot]
[credal.devv.website/wp-content/plugins/js_composer/assets/fonts/vc_icons_v2/fonts/vcpb-plugin-iconsb82a.ttf]
[credal.devv.website/wp-content/plugins/js_composer/assets/fonts/vc_icons_v2/fonts/vcpb-plugin-iconsb82a.woff]
[credal.devv.website/wp-content/plugins/js_composer/assets/images/toggle_open.png]
[credal.devv.website/wp-content/plugins/js_composer/assets/images/toggle_close.png]
[credal.devv.website/wp-content/plugins/js_composer/assets/images/flickr.png]
[credal.devv.website/wp-content/plugins/js_composer/assets/fonts/vc_grid/vc_grid_v157a1.eot]
[credal.devv.website/wp-content/plugins/js_composer/assets/fonts/vc_grid/vc_grid_v1d41d.eot]
[credal.devv.website/wp-content/plugins/js_composer/assets/fonts/vc_grid/vc_grid_v157a1.woff]
[credal.devv.website/wp-content/plugins/js_composer/assets/fonts/vc_grid/vc_grid_v157a1.ttf]
[credal.devv.website/wp-content/plugins/js_composer/assets/images/spinner.gif]
[credal.devv.website/wp-content/plugins/js_composer/assets/vc/remove.png]
[credal.devv.website/wp-content/plugins/js_composer/assets/css/js_composer.min24b2.css]
[credal.devv.website/wp-json/oembed/1.0/embed3cf0.json]
[credal.devv.website/wp-json/oembed/1.0/embed9a40]
[credal.devv.website/wp-content/uploads/2018/10/1FAiNDER.png]
[credal.devv.website/wp-content/uploads/2018/10/2AiPUCK-1.png]
[credal.devv.website/wp-content/uploads/2018/10/AiPODimage.png]
[credal.devv.website/wp-content/uploads/2018/10/4Light_weight.png]
[credal.devv.website/wp-content/uploads/2018/10/5UltraLigh.png]
[credal.devv.website/what-we-do/index.html]
[credal.devv.website/wp-json/oembed/1.0/embed0801.json]
[credal.devv.website/wp-json/oembed/1.0/embed030d]
[credal.devv.website/wp-content/uploads/2018/10/team1.jpg]
[credal.devv.website/credal-team/theo-musallam/index.html]
[credal.devv.website/wp-content/uploads/2018/10/team2.jpg]
[credal.devv.website/credal-team/muayad-s-dawood/index.html]
[credal.devv.website/wp-content/uploads/2018/10/team6.jpg]
[credal.devv.website/credal-team/siddartha-muthirevula/index.html]
[credal.devv.website/wp-content/uploads/2018/10/team4.jpg]
[credal.devv.website/credal-team/abdulla-al-mansoori/index.html]
[credal.devv.website/wp-content/uploads/2018/10/team5.jpg]
[credal.devv.website/credal-team/alessandro-gadotti/index.html]
[credal.devv.website/wp-content/uploads/2018/10/team3.jpg]
[credal.devv.website/our-people/index.html]
[credal.devv.website/credal-team/jorge-sebastiao/index.html]
[credal.devv.website/wp-json/oembed/1.0/embede297.json]
[credal.devv.website/wp-json/oembed/1.0/embed0f43]
[credal.devv.website/news-events/index.html]
[credal.devv.website/wp-json/oembed/1.0/embed2694.json]
[credal.devv.website/wp-json/oembed/1.0/embed11f6]
[credal.devv.website/wp-content/uploads/2018/10/contact-images1.jpg]
[credal.devv.website/contact/index.html]
[credal.devv.website/category/news/index.html]
[credal.devv.website/wp-json/oembed/1.0/embed93bf.json]
[credal.devv.website/category/news/feed/index.html]
[credal.devv.website/agreement-signed-with-distributors-for-the-kingdom-of-saudi-arabia/index.html]
[credal.devv.website/wp-json/oembed/1.0/embed3936]
[credal.devv.website/terms-of-use/index.html]
[credal.devv.website/gitex-technology-week-swiss-pavilion/index.html]
[credal.devv.website/author/credal/index.html]
[credal.devv.website/fainder-is-proud-to-announce-a-partnership-with-minesweepers-org/index.html]
[credal.devv.website/aipod-presented-at-ingram-micro-at-gitex/index.html]
[credal.devv.website/wp-json/oembed/1.0/embedb0df.json]
[credal.devv.website/wp-json/oembed/1.0/embed4ec8]
[credal.devv.website/privacy/index.html]
[credal.devv.website/wp-json/oembed/1.0/embed307b.json]
[credal.devv.website/wp-json/oembed/1.0/embed856d]
[credal.devv.website/cookie-policy/index.html]
[credal.devv.website/wp-json/oembed/1.0/embed3377.json]
[credal.devv.website/wp-json/oembed/1.0/embed25e2]
[credal.devv.website/our-statement/index.html]
[credal.devv.website/wp-json/oembed/1.0/embed3d51.json]
[credal.devv.website/wp-json/oembed/1.0/embedb9e6]
[credal.devv.website/company-info/index.html]
[credal.devv.website/wp-json/oembed/1.0/embed914e.json]
[credal.devv.website/wp-json/oembed/1.0/embed051d]
[credal.devv.website/accessibility/index.html]
[credal.devv.website/wp-content/plugins/js_composer/assets/lib/prettyphoto/images/prettyPhoto/default/sprite.png]
[credal.devv.website/wp-content/plugins/js_composer/assets/lib/prettyphoto/images/prettyPhoto/default/sprite_x.png]
[credal.devv.website/wp-content/plugins/js_composer/assets/lib/prettyphoto/images/prettyPhoto/default/sprite_y.png]
[credal.devv.website/wp-content/plugins/js_composer/assets/lib/prettyphoto/images/prettyPhoto/default/sprite_next.png]
[credal.devv.website/wp-content/plugins/js_composer/assets/lib/prettyphoto/images/prettyPhoto/default/sprite_prev.png]
[credal.devv.website/wp-content/plugins/js_composer/assets/lib/prettyphoto/images/prettyPhoto/default/default_thumb.png]
[credal.devv.website/wp-content/plugins/js_composer/assets/lib/prettyphoto/images/prettyPhoto/default/loader.gif]
[credal.devv.website/wp-content/plugins/js_composer/assets/lib/prettyphoto/images/prettyPhoto/light_rounded/sprite.png]
[credal.devv.website/wp-content/plugins/js_composer/assets/lib/prettyphoto/images/prettyPhoto/light_rounded/btnNext.png]
[credal.devv.website/wp-content/plugins/js_composer/assets/lib/prettyphoto/images/prettyPhoto/light_rounded/btnPrevious.png]
[credal.devv.website/wp-content/plugins/js_composer/assets/lib/prettyphoto/images/prettyPhoto/light_rounded/loader.gif]
[credal.devv.website/wp-content/plugins/js_composer/assets/lib/prettyphoto/images/prettyPhoto/dark_rounded/sprite.png]
[credal.devv.website/wp-content/plugins/js_composer/assets/lib/prettyphoto/images/prettyPhoto/dark_rounded/contentPattern.png]
[credal.devv.website/wp-content/plugins/js_composer/assets/lib/prettyphoto/images/prettyPhoto/dark_rounded/btnNext.png]
[credal.devv.website/wp-content/plugins/js_composer/assets/lib/prettyphoto/images/prettyPhoto/dark_rounded/btnPrevious.png]
[credal.devv.website/wp-content/plugins/js_composer/assets/lib/prettyphoto/images/prettyPhoto/dark_rounded/loader.gif]
[credal.devv.website/wp-content/plugins/js_composer/assets/lib/prettyphoto/images/prettyPhoto/dark_square/loader.gif]
[credal.devv.website/wp-content/plugins/js_composer/assets/lib/prettyphoto/images/prettyPhoto/dark_square/sprite.png]
[credal.devv.website/wp-content/plugins/js_composer/assets/lib/prettyphoto/images/prettyPhoto/dark_square/btnNext.png]
[credal.devv.website/wp-content/plugins/js_composer/assets/lib/prettyphoto/images/prettyPhoto/dark_square/btnPrevious.png]
[credal.devv.website/wp-content/plugins/js_composer/assets/lib/prettyphoto/images/prettyPhoto/light_square/sprite.png]
[credal.devv.website/wp-content/plugins/js_composer/assets/lib/prettyphoto/images/prettyPhoto/light_square/btnNext.png]
[credal.devv.website/wp-content/plugins/js_composer/assets/lib/prettyphoto/images/prettyPhoto/light_square/btnPrevious.png]
[credal.devv.website/wp-content/plugins/js_composer/assets/lib/prettyphoto/images/prettyPhoto/facebook/sprite.png]
[credal.devv.website/wp-content/plugins/js_composer/assets/lib/prettyphoto/images/prettyPhoto/facebook/contentPatternTop.png]
[credal.devv.website/wp-content/plugins/js_composer/assets/lib/prettyphoto/images/prettyPhoto/facebook/contentPatternLeft.png]
[credal.devv.website/wp-content/plugins/js_composer/assets/lib/prettyphoto/images/prettyPhoto/facebook/contentPatternRight.png]
[credal.devv.website/wp-content/plugins/js_composer/assets/lib/prettyphoto/images/prettyPhoto/facebook/loader.gif]
[credal.devv.website/wp-content/plugins/js_composer/assets/lib/prettyphoto/images/prettyPhoto/facebook/btnNext.png]
[credal.devv.website/wp-content/plugins/js_composer/assets/lib/prettyphoto/images/prettyPhoto/facebook/btnPrevious.png]
[credal.devv.website/wp-content/plugins/js_composer/assets/lib/prettyphoto/images/prettyPhoto/facebook/contentPatternBottom.png]
[credal.devv.website/wp-content/plugins/js_composer/assets/lib/prettyphoto/images/prettyPhoto/facebook/default_thumbnail.gif]
[credal.devv.website/wp-content/plugins/js_composer/assets/lib/prettyphoto/css/prettyPhoto.min24b2.css]
[credal.devv.website/wp-content/plugins/js_composer/assets/lib/owl-carousel2-dist/assets/owl.video.play.png]
[credal.devv.website/wp-content/plugins/js_composer/assets/lib/owl-carousel2-dist/assets/owl.min24b2.css]
[credal.devv.website/wp-content/plugins/js_composer/assets/lib/bower/animate-css/animate.min24b2.css]
[credal.devv.website/wp-content/plugins/js_composer/assets/lib/bower/font-awesome/fonts/fontawesome-webfont3e6e.svg]
[credal.devv.website/wp-content/themes/credal/assets/fonts/glyphicons-halflings-regular.svg]
[credal.devv.website/wp-content/themes/credal/assets/images/patterns/overlay1.html]
[credal.devv.website/wp-content/themes/credal/assets/images/patterns/overlay2.html]
[credal.devv.website/wp-content/themes/credal/assets/images/patterns/overlay3.html]
[credal.devv.website/wp-content/themes/credal/assets/images/patterns/overlay4.html]
[credal.devv.website/wp-content/themes/credal/assets/images/patterns/overlay5.html]
[credal.devv.website/wp-content/themes/credal/assets/images/patterns/overlay6.html]
[credal.devv.website/wp-content/themes/credal/assets/images/patterns/overlay7.html]
[credal.devv.website/wp-content/themes/credal/assets/images/patterns/overlay8.html]
[credal.devv.website/wp-content/themes/credal/assets/images/patterns/overlay9.html]
[credal.devv.website/wp-content/themes/credal/assets/images/patterns/overlay10.html]
[credal.devv.website/wp-content/plugins/js_composer/assets/fonts/vc_icons_v2/fonts/vcpb-plugin-iconsb82a.svg]
[credal.devv.website/wp-content/plugins/js_composer/assets/vc/blur.svg]
[credal.devv.website/wp-content/plugins/js_composer/assets/fonts/vc_grid/vc_grid_v157a1.svg]
[credal.devv.website/indexa1ca.html]
[credal.devv.website/index7b2c.html]
[credal.devv.website/wp-json/oembed/1.0/embed8bb2.json]
[credal.devv.website/credal-team/theo-musallam/feed/index.html]
[credal.devv.website/wp-json/oembed/1.0/embede452]
[credal.devv.website/wp-includes/js/comment-reply.min5010.js]
[credal.devv.website/credal-team/theo-musallam/index.html]
[credal.devv.website/wp-json/oembed/1.0/embed24a4.json]
[credal.devv.website/credal-team/muayad-s-dawood/feed/index.html]
[credal.devv.website/wp-json/oembed/1.0/embed9b0c]
[credal.devv.website/credal-team/muayad-s-dawood/index.html]
[credal.devv.website/wp-json/oembed/1.0/embed442e.json]
[credal.devv.website/credal-team/siddartha-muthirevula/feed/index.html]
[credal.devv.website/wp-json/oembed/1.0/embedacd6]
[credal.devv.website/credal-team/siddartha-muthirevula/index.html]
[credal.devv.website/wp-json/oembed/1.0/embed13fe.json]
[credal.devv.website/credal-team/abdulla-al-mansoori/feed/index.html]
[credal.devv.website/wp-json/oembed/1.0/embed84c5]
[credal.devv.website/credal-team/abdulla-al-mansoori/index.html]
[credal.devv.website/wp-json/oembed/1.0/embede4bf.json]
[credal.devv.website/credal-team/alessandro-gadotti/feed/index.html]
[credal.devv.website/wp-json/oembed/1.0/embedce81]
[credal.devv.website/credal-team/alessandro-gadotti/index.html]
[credal.devv.website/wp-json/oembed/1.0/embed68bf.json]
[credal.devv.website/credal-team/jorge-sebastiao/feed/index.html]
[credal.devv.website/wp-json/oembed/1.0/embedf882]
[credal.devv.website/credal-team/jorge-sebastiao/index.html]
[credal.devv.website/index40a0.html]
[credal.devv.website/index341b.html]
[credal.devv.website/agreement-signed-with-distributors-for-the-kingdom-of-saudi-arabia/feed/index.html]
[credal.devv.website/wp-json/oembed/1.0/embedfbb4.json]
[credal.devv.website/wp-json/oembed/1.0/embed58eb]
[credal.devv.website/agreement-signed-with-distributors-for-the-kingdom-of-saudi-arabia/index.html]
[credal.devv.website/author/credal/index.html]
[credal.devv.website/author/credal/feed/index.html]
[credal.devv.website/gitex-technology-week-swiss-pavilion/feed/index.html]
[credal.devv.website/wp-json/oembed/1.0/embed81b7.json]
[credal.devv.website/wp-json/oembed/1.0/embed1b77]
[credal.devv.website/wp-content/uploads/2018/10/gitex_technology_week_credal_main.jpg]
[credal.devv.website/wp-content/uploads/2018/10/na15-hamdan-2.jpg]
[credal.devv.website/wp-content/uploads/2018/10/gitex_technology_week_credal.jpg]
[credal.devv.website/wp-content/uploads/2018/10/gitex_technology_week_credal1.jpg]
[credal.devv.website/wp-content/uploads/2018/10/gitex_technology_week_credal2.jpg]
[credal.devv.website/wp-content/uploads/2018/10/gitex_technology_week_credal3.jpg]
[credal.devv.website/wp-content/uploads/2018/10/gitex_technology_week_credal4.jpg]
[credal.devv.website/wp-content/uploads/2018/10/gitex_technology_week_credal5.jpg]
[credal.devv.website/wp-content/uploads/2018/10/gitex_technology_week_credal6.jpg]
[credal.devv.website/wp-content/uploads/2018/10/gitex_technology_week_credal7.jpg]
[credal.devv.website/wp-content/uploads/2018/10/gitex_technology_week_credal8.jpg]
[credal.devv.website/wp-content/uploads/2018/10/gitex_technology_week_credal9.jpg]
[credal.devv.website/gitex-technology-week-swiss-pavilion/index.html]
[credal.devv.website/wp-json/oembed/1.0/embed4751.json]
[credal.devv.website/wp-json/oembed/1.0/embedfacf]
[credal.devv.website/fainder-is-proud-to-announce-a-partnership-with-minesweepers-org/feed/index.html]
[credal.devv.website/fainder-is-proud-to-announce-a-partnership-with-minesweepers-org/index.html]
[credal.devv.website/aipod-presented-at-ingram-micro-at-gitex/feed/index.html]
[credal.devv.website/wp-json/oembed/1.0/embed2593.json]
[credal.devv.website/wp-json/oembed/1.0/embed7638]
[credal.devv.website/aipod-presented-at-ingram-micro-at-gitex/index.html]
[credal.devv.website/indexd4a6.html]
[credal.devv.website/indexb8c4.html]
[credal.devv.website/indexdb84.html]
[credal.devv.website/indexe856.html]
[credal.devv.website/index2c90.html]
[credal.devv.website/index7737.html]
[credal.devv.website/indexa942.html]
[credal.devv.website/index2202.html]
[credal.devv.website/index27ac.html]
[credal.devv.website/index007a.html]
[credal.devv.website/indexc7ce.html]
[credal.devv.website/index9d87.html]
[credal.devv.website/indexec1b.html]
[credal.devv.website/xmlrpc.php]
[credal.devv.website/indexd78c.html]
[credal.devv.website/indexcff1.html]
[credal.devv.website/index0a10.html]
